<?xml version="1.0" encoding="utf-8"?><testsuites name="pytest tests"><testsuite name="pytest" errors="0" failures="0" skipped="0" tests="2" time="0.083" timestamp="2025-10-29T18:51:27.241815+07:00" hostname="DESKTOP-BT2U63Q"><testcase classname="tests.test_math_ops" name="test_safe_div_ok" time="0.002" /><testcase classname="tests.test_math_ops" name="test_safe_div_zero" time="0.003" /></testsuite></testsuites>